[2026-05-28T17:57:00.993Z] GET http://localhost:3001/ → pending (?ms, ?B)
[2026-05-28T17:57:05.940Z] GET http://localhost:3001/_next/static/media/5f402bd2d8eef81a-s.p.16whm0euli40m.woff2 → pending (?ms, ?B)
[2026-05-28T17:57:05.940Z] GET http://localhost:3001/_next/static/media/83afe278b6a6bb3c-s.p.0q-301v4kxxnr.woff2 → pending (?ms, ?B)
[2026-05-28T17:57:05.940Z] GET http://localhost:3001/_next/static/media/9433d1a810498265-s.p.0h26ys03~gfbk.woff2 → pending (?ms, ?B)
[2026-05-28T17:57:05.940Z] GET http://localhost:3001/_next/static/chunks/%5Broot-of-the-server%5D__0n6f47b._.css → pending (?ms, ?B)
[2026-05-28T17:57:05.940Z] GET http://localhost:3001/_next/static/chunks/%5Bturbopack%5D_browser_dev_hmr-client_hmr-client_ts_0dwspdr._.js → pending (?ms, ?B)
[2026-05-28T17:57:05.940Z] GET http://localhost:3001/_next/static/chunks/0eg._next_dist_compiled_next-devtools_index_134~oje.js → pending (?ms, ?B)
[2026-05-28T17:57:05.940Z] GET http://localhost:3001/_next/static/chunks/0eg._next_dist_compiled_react-dom_114i-p.._.js → pending (?ms, ?B)
[2026-05-28T17:57:05.940Z] GET http://localhost:3001/_next/static/chunks/0eg._next_dist_compiled_react-server-dom-turbopack_0ye.m2k._.js → pending (?ms, ?B)
[2026-05-28T17:57:05.940Z] GET http://localhost:3001/_next/static/chunks/0eg._next_dist_compiled_11ejuvp._.js → pending (?ms, ?B)
[2026-05-28T17:57:05.940Z] GET http://localhost:3001/_next/static/chunks/0eg._next_dist_client_0zrnxa5._.js → pending (?ms, ?B)
[2026-05-28T17:57:05.940Z] GET http://localhost:3001/_next/static/chunks/0eg._next_dist_06hu.6j._.js → pending (?ms, ?B)
[2026-05-28T17:57:05.940Z] GET http://localhost:3001/_next/static/chunks/0eg._%40swc_helpers_cjs_0tjxsr6._.js → pending (?ms, ?B)
[2026-05-28T17:57:05.940Z] GET http://localhost:3001/_next/static/chunks/bankzdesign_bankzdesign_web_0rqeker._.js → pending (?ms, ?B)
[2026-05-28T17:57:05.940Z] GET http://localhost:3001/_next/static/chunks/turbopack-bankzdesign_bankzdesign_web_0i--1qd._.js → pending (?ms, ?B)
[2026-05-28T17:57:05.940Z] GET http://localhost:3001/_next/static/chunks/0eg._next_dist_03t3sf1._.js → pending (?ms, ?B)
[2026-05-28T17:57:05.941Z] GET http://localhost:3001/_next/static/chunks/bankzdesign_bankzdesign_web_src_app_layout_tsx_0msmte6._.js → pending (?ms, ?B)
[2026-05-28T17:57:05.941Z] GET http://localhost:3001/_next/static/chunks/0eg._lucide-react_dist_esm_0fkried._.js → pending (?ms, ?B)
[2026-05-28T17:57:05.941Z] GET http://localhost:3001/_next/static/chunks/bankzdesign_bankzdesign_web_src_app_page_tsx_05l~ffz._.js → pending (?ms, ?B)
[2026-05-28T17:57:05.941Z] GET http://localhost:3001/_next/static/chunks/0eg._next_dist_client_components_builtin_global-error_05l~ffz.js → pending (?ms, ?B)
[2026-05-28T17:59:57.879Z] GET http://localhost:3001/_next/static/chunks/%5Bturbopack%5D_browser_dev_hmr-client_hmr-client_ts_0dwspdr._.js → pending (?ms, ?B)
[2026-05-28T18:00:36.837Z] GET http://localhost:3001/ → 200 (336ms, 57454B)
[2026-05-28T18:00:37.178Z] GET http://localhost:3001/_next/static/media/5f402bd2d8eef81a-s.p.16whm0euli40m.woff2 → 200 (6ms, 58152B)
[2026-05-28T18:00:37.178Z] GET http://localhost:3001/_next/static/media/83afe278b6a6bb3c-s.p.0q-301v4kxxnr.woff2 → 200 (7ms, 48432B)
[2026-05-28T18:00:37.178Z] GET http://localhost:3001/_next/static/media/9433d1a810498265-s.p.0h26ys03~gfbk.woff2 → 200 (7ms, 64500B)
[2026-05-28T18:00:37.179Z] GET http://localhost:3001/_next/static/chunks/%5Broot-of-the-server%5D__0n6f47b._.css → 200 (9ms, 34106B)
[2026-05-28T18:00:37.179Z] GET http://localhost:3001/_next/static/chunks/%5Bturbopack%5D_browser_dev_hmr-client_hmr-client_ts_0dwspdr._.js → 200 (8ms, 675B)
[2026-05-28T18:00:37.179Z] GET http://localhost:3001/_next/static/chunks/0eg._next_dist_compiled_next-devtools_index_134~oje.js → 200 (58ms, 746622B)
[2026-05-28T18:00:37.179Z] GET http://localhost:3001/_next/static/chunks/0eg._next_dist_compiled_react-dom_114i-p.._.js → 200 (62ms, 1058623B)
[2026-05-28T18:00:37.179Z] GET http://localhost:3001/_next/static/chunks/0eg._next_dist_compiled_react-server-dom-turbopack_0ye.m2k._.js → 200 (34ms, 174970B)
[2026-05-28T18:00:37.179Z] GET http://localhost:3001/_next/static/chunks/0eg._next_dist_compiled_11ejuvp._.js → 200 (34ms, 145639B)
[2026-05-28T18:00:37.180Z] GET http://localhost:3001/_next/static/chunks/0eg._next_dist_client_0zrnxa5._.js → 200 (57ms, 760851B)
[2026-05-28T18:00:37.180Z] GET http://localhost:3001/_next/static/chunks/0eg._next_dist_06hu.6j._.js → 200 (34ms, 253870B)
[2026-05-28T18:00:37.180Z] GET http://localhost:3001/_next/static/chunks/0eg._%40swc_helpers_cjs_0tjxsr6._.js → 200 (34ms, 2032B)
[2026-05-28T18:00:37.180Z] GET http://localhost:3001/_next/static/chunks/bankzdesign_bankzdesign_web_0rqeker._.js → 200 (34ms, 700B)
[2026-05-28T18:00:37.180Z] GET http://localhost:3001/_next/static/chunks/turbopack-bankzdesign_bankzdesign_web_0i--1qd._.js → 200 (36ms, 92378B)
[2026-05-28T18:00:37.180Z] GET http://localhost:3001/_next/static/chunks/0eg._next_dist_03t3sf1._.js → 200 (40ms, 212934B)
[2026-05-28T18:00:37.181Z] GET http://localhost:3001/_next/static/chunks/bankzdesign_bankzdesign_web_src_app_layout_tsx_0msmte6._.js → 200 (36ms, 307B)
[2026-05-28T18:00:37.181Z] GET http://localhost:3001/_next/static/chunks/0eg._lucide-react_dist_esm_0fkried._.js → 200 (37ms, 9749B)
[2026-05-28T18:00:37.181Z] GET http://localhost:3001/_next/static/chunks/bankzdesign_bankzdesign_web_src_app_page_tsx_05l~ffz._.js → 200 (38ms, 267B)
[2026-05-28T18:00:37.181Z] GET http://localhost:3001/_next/static/chunks/0eg._next_dist_client_components_builtin_global-error_05l~ffz.js → 200 (39ms, 212B)
[2026-05-28T18:00:37.303Z] GET http://localhost:3001/_next/static/chunks/%5Bturbopack%5D_browser_dev_hmr-client_hmr-client_ts_0yjw1oe._.js → 200 (42ms, 15615B)
[2026-05-28T18:00:37.304Z] GET http://localhost:3001/_next/static/chunks/%5Bturbopack%5D_browser_dev_hmr-client_hmr-client_ts_0zn1kyo._.js → 200 (40ms, 289B)
[2026-05-28T18:03:07.983Z] GET http://localhost:3001/ → 200 (66ms, 57454B)
[2026-05-28T18:03:08.060Z] GET http://localhost:3001/_next/static/media/5f402bd2d8eef81a-s.p.16whm0euli40m.woff2 → 200 (1ms, ?B)
[2026-05-28T18:03:08.062Z] GET http://localhost:3001/_next/static/media/83afe278b6a6bb3c-s.p.0q-301v4kxxnr.woff2 → 200 (?ms, ?B)
[2026-05-28T18:03:08.062Z] GET http://localhost:3001/_next/static/media/9433d1a810498265-s.p.0h26ys03~gfbk.woff2 → 200 (?ms, ?B)
[2026-05-28T18:03:08.063Z] GET http://localhost:3001/_next/static/chunks/%5Broot-of-the-server%5D__0n6f47b._.css → 200 (3ms, 34106B)
[2026-05-28T18:03:08.064Z] GET http://localhost:3001/_next/static/chunks/%5Bturbopack%5D_browser_dev_hmr-client_hmr-client_ts_0dwspdr._.js → 200 (3ms, 675B)
[2026-05-28T18:03:08.064Z] GET http://localhost:3001/_next/static/chunks/0eg._next_dist_compiled_next-devtools_index_134~oje.js → 200 (18ms, 746622B)
[2026-05-28T18:03:08.064Z] GET http://localhost:3001/_next/static/chunks/0eg._next_dist_compiled_react-dom_114i-p.._.js → 200 (16ms, 1058623B)
[2026-05-28T18:03:08.064Z] GET http://localhost:3001/_next/static/chunks/0eg._next_dist_compiled_react-server-dom-turbopack_0ye.m2k._.js → 200 (16ms, 174970B)
[2026-05-28T18:03:08.064Z] GET http://localhost:3001/_next/static/chunks/0eg._next_dist_compiled_11ejuvp._.js → 200 (16ms, 145639B)
[2026-05-28T18:03:08.064Z] GET http://localhost:3001/_next/static/chunks/0eg._next_dist_client_0zrnxa5._.js → 200 (18ms, 760851B)
[2026-05-28T18:03:08.065Z] GET http://localhost:3001/_next/static/chunks/0eg._next_dist_06hu.6j._.js → 200 (16ms, 253870B)
[2026-05-28T18:03:08.065Z] GET http://localhost:3001/_next/static/chunks/0eg._%40swc_helpers_cjs_0tjxsr6._.js → 200 (17ms, 2032B)
[2026-05-28T18:03:08.065Z] GET http://localhost:3001/_next/static/chunks/bankzdesign_bankzdesign_web_0rqeker._.js → 200 (16ms, 700B)
[2026-05-28T18:03:08.065Z] GET http://localhost:3001/_next/static/chunks/turbopack-bankzdesign_bankzdesign_web_0i--1qd._.js → 200 (17ms, 92378B)
[2026-05-28T18:03:08.065Z] GET http://localhost:3001/_next/static/chunks/0eg._next_dist_03t3sf1._.js → 200 (17ms, 212934B)
[2026-05-28T18:03:08.065Z] GET http://localhost:3001/_next/static/chunks/bankzdesign_bankzdesign_web_src_app_layout_tsx_0msmte6._.js → 200 (16ms, 307B)
[2026-05-28T18:03:08.065Z] GET http://localhost:3001/_next/static/chunks/0eg._lucide-react_dist_esm_0fkried._.js → 200 (26ms, 9749B)
[2026-05-28T18:03:08.066Z] GET http://localhost:3001/_next/static/chunks/bankzdesign_bankzdesign_web_src_app_page_tsx_05l~ffz._.js → 200 (25ms, 267B)
[2026-05-28T18:03:08.066Z] GET http://localhost:3001/_next/static/chunks/0eg._next_dist_client_components_builtin_global-error_05l~ffz.js → 200 (25ms, 212B)
[2026-05-28T18:03:08.090Z] GET http://localhost:3001/_next/static/chunks/%5Bturbopack%5D_browser_dev_hmr-client_hmr-client_ts_0yjw1oe._.js → 200 (46ms, 15615B)
[2026-05-28T18:03:08.090Z] GET http://localhost:3001/_next/static/chunks/%5Bturbopack%5D_browser_dev_hmr-client_hmr-client_ts_0zn1kyo._.js → 200 (46ms, 289B)
[2026-05-28T18:12:01.856Z] GET http://localhost:3001/__nextjs_font/geist-latin.woff2 → 200 (27ms, 28356B)
[2026-05-28T18:12:39.288Z] GET http://localhost:3001/?_rsc=q3mOO9BClNZHexY7 → pending (?ms, ?B)
[2026-05-28T18:12:43.929Z] GET http://localhost:3001/?_rsc=q3mOO9BClNZHexY7 → pending (?ms, ?B)
[2026-05-28T18:12:43.944Z] GET http://localhost:3001/?_rsc=q3mOO9BClNZHexY7 → pending (?ms, ?B)
[2026-05-28T18:12:43.950Z] GET http://localhost:3001/?_rsc=q3mOO9BClNZHexY7 → pending (?ms, ?B)
[2026-05-28T18:12:43.950Z] GET http://localhost:3001/?_rsc=q3mOO9BClNZHexY7 → 200 (134ms, ?B)
[2026-05-28T18:12:43.968Z] GET http://localhost:3001/ → pending (?ms, ?B)
[2026-05-28T18:12:43.973Z] GET http://localhost:3001/ → pending (?ms, ?B)
[2026-05-28T18:12:43.974Z] GET http://localhost:3001/ → pending (?ms, ?B)
[2026-05-28T18:12:43.974Z] GET http://localhost:3001/ → 200 (266ms, 58024B)
[2026-05-28T18:12:44.089Z] GET http://localhost:3001/?_rsc=q3mOO9BClNZHexY7 → pending (?ms, ?B)
[2026-05-28T18:12:44.090Z] GET http://localhost:3001/?_rsc=q3mOO9BClNZHexY7 → 200 (143ms, ?B)
[2026-05-28T18:12:44.140Z] GET http://localhost:3001/_next/static/chunks/0eg._0xqsi6c._.js → pending (?ms, ?B)
[2026-05-28T18:12:44.145Z] GET http://localhost:3001/_next/static/chunks/bankzdesign_bankzdesign_web_src_app_page_tsx_0g60q7w._.js → pending (?ms, ?B)
[2026-05-28T18:12:44.264Z] GET http://localhost:3001/_next/static/media/5f402bd2d8eef81a-s.p.16whm0euli40m.woff2 → 200 (?ms, ?B)
[2026-05-28T18:12:44.265Z] GET http://localhost:3001/_next/static/media/83afe278b6a6bb3c-s.p.0q-301v4kxxnr.woff2 → 200 (?ms, ?B)
[2026-05-28T18:12:44.265Z] GET http://localhost:3001/_next/static/media/9433d1a810498265-s.p.0h26ys03~gfbk.woff2 → 200 (?ms, ?B)
[2026-05-28T18:12:44.265Z] GET http://localhost:3001/_next/static/chunks/%5Broot-of-the-server%5D__0n6f47b._.css → 200 (11ms, 34106B)
[2026-05-28T18:12:44.265Z] GET http://localhost:3001/_next/static/chunks/%5Bturbopack%5D_browser_dev_hmr-client_hmr-client_ts_0dwspdr._.js → 200 (16ms, 675B)
[2026-05-28T18:12:44.265Z] GET http://localhost:3001/_next/static/chunks/0eg._next_dist_compiled_next-devtools_index_134~oje.js → 200 (32ms, ?B)
[2026-05-28T18:12:44.265Z] GET http://localhost:3001/_next/static/chunks/0eg._next_dist_compiled_react-dom_114i-p.._.js → 200 (24ms, ?B)
[2026-05-28T18:12:44.265Z] GET http://localhost:3001/_next/static/chunks/0eg._next_dist_compiled_react-server-dom-turbopack_0ye.m2k._.js → 200 (17ms, 174970B)
[2026-05-28T18:12:44.265Z] GET http://localhost:3001/_next/static/chunks/0eg._next_dist_compiled_11ejuvp._.js → 200 (17ms, 145639B)
[2026-05-28T18:12:44.265Z] GET http://localhost:3001/_next/static/chunks/0eg._next_dist_client_0zrnxa5._.js → 200 (23ms, ?B)
[2026-05-28T18:12:44.265Z] GET http://localhost:3001/_next/static/chunks/0eg._next_dist_06hu.6j._.js → 200 (18ms, 253870B)
[2026-05-28T18:12:44.266Z] GET http://localhost:3001/_next/static/chunks/0eg._%40swc_helpers_cjs_0tjxsr6._.js → 200 (30ms, ?B)
[2026-05-28T18:12:44.266Z] GET http://localhost:3001/_next/static/chunks/bankzdesign_bankzdesign_web_0rqeker._.js → 200 (22ms, 700B)
[2026-05-28T18:12:44.266Z] GET http://localhost:3001/_next/static/chunks/turbopack-bankzdesign_bankzdesign_web_0i--1qd._.js → 200 (30ms, ?B)
[2026-05-28T18:12:44.266Z] GET http://localhost:3001/_next/static/chunks/0eg._0xqsi6c._.js → 200 (38ms, ?B)
[2026-05-28T18:12:44.266Z] GET http://localhost:3001/_next/static/chunks/bankzdesign_bankzdesign_web_src_app_layout_tsx_0msmte6._.js → 200 (31ms, ?B)
[2026-05-28T18:12:44.266Z] GET http://localhost:3001/_next/static/chunks/0eg._lucide-react_dist_esm_0fkried._.js → 200 (30ms, ?B)
[2026-05-28T18:12:44.266Z] GET http://localhost:3001/_next/static/chunks/bankzdesign_bankzdesign_web_src_app_page_tsx_0g60q7w._.js → 200 (34ms, ?B)
[2026-05-28T18:12:44.266Z] GET http://localhost:3001/_next/static/chunks/0eg._next_dist_client_components_builtin_global-error_0g60q7w.js → 200 (38ms, ?B)
[2026-05-28T18:12:44.342Z] GET http://localhost:3001/_next/static/chunks/%5Bturbopack%5D_browser_dev_hmr-client_hmr-client_ts_0yjw1oe._.js → 200 (24ms, 15615B)
[2026-05-28T18:12:44.342Z] GET http://localhost:3001/_next/static/chunks/%5Bturbopack%5D_browser_dev_hmr-client_hmr-client_ts_0zn1kyo._.js → 200 (23ms, 289B)
[2026-05-28T18:12:44.371Z] GET http://localhost:3001/__nextjs_font/geist-latin.woff2 → 200 (?ms, ?B)
[2026-05-28T18:12:44.397Z] GET https://va.vercel-scripts.com/v1/script.debug.js → 200 (537ms, 2997B)
[2026-05-28T18:12:44.397Z] GET https://va.vercel-scripts.com/v1/speed-insights/script.debug.js → 200 (543ms, 12682B)
